
> ourweb@0.1.0 build
> next build

▲ Next.js 16.1.1 (Turbopack)

  Creating an optimized production build ...
node.exe : Error: 
Cannot apply 
unknown utility 
class 
`bg-background`. 
Are you using CSS 
modules or similar 
and missing 
`@reference`? https
://tailwindcss.com/
docs/functions-and-
directives#referenc
e-directive
At C:\Program Files
\nodejs\npm.ps1:29 
char:3
+   & $NODE_EXE 
$NPM_CLI_JS $args
+   ~~~~~~~~~~~~~~~
~~~~~~~~~~~~~~
    + CategoryInfo 
             : No  
  tSpecified: (E   
 rror: Cannot a    
...rence-direc    
tive:String) [    
], RemoteExcep    
tion
    + FullyQualifi 
   edErrorId : Na  
  tiveCommandErr   
 or
 
    [2m[at 
onInvalidCandidate 
(C:\ourweb\node_mod
ules\tailwindcss\di
st\lib.js:21:1314)]
[0m
    [2m[at Te (C:\
ourweb\node_modules
\tailwindcss\dist\l
ib.js:16:36652)][0
m
    [2m[at C:\ourw
eb\node_modules\tai
lwindcss\dist\lib.j
s:21:355][0m
    [2m[at Rr (C:\
ourweb\node_modules
\tailwindcss\dist\l
ib.js:3:1718)][0m
    [2m[at _ (C:\o
urweb\node_modules\
tailwindcss\dist\li
b.js:3:1377)][0m
    [2m[at $e (C:\
ourweb\node_modules
\tailwindcss\dist\l
ib.js:21:172)][0m
    [2m[at un (C:\
ourweb\node_modules
\tailwindcss\dist\l
ib.js:38:294)][0m
    [2m[at process
.processTicksAndRej
ections (node:inter
nal/process/task_qu
eues:105:5)][0m
    [2m[at async 
cn (C:\ourweb\node_
modules\tailwindcss
\dist\lib.js:38:631
)][0m
    [2m[at async 
Xr (C:\ourweb\node_
modules\@tailwindcs
s\node\dist\index.j
s:10:3417)][0m

> Build error 
occurred
Error: Turbopack 
build failed with 
1 errors:
./app/globals.css
Error evaluating 
Node.js code
CssSyntaxError: 
tailwindcss: C:\our
web\app\globals.css
:1:1: Cannot apply 
unknown utility 
class 
`bg-background`. 
Are you using CSS 
modules or similar 
and missing 
`@reference`? https
://tailwindcss.com/
docs/functions-and-
directives#referenc
e-directive
    at Input.error 
(node_modules/postc
ss/lib/input.js:135
:16) [C:\ourweb\.ne
xt\build\chunks\nod
e_modules_fe693df6.
_.js:4651:22]
    at Root.error (
node_modules/postcs
s/lib/node.js:146:3
2) [C:\ourweb\.next
\build\chunks\node_
modules_fe693df6._.
js:928:38]
    [at 
Object.Once (C:\our
web\node_modules\@t
ailwindcss\postcss\
dist\index.js:10:69
11)]
    [at process.pro
cessTicksAndRejecti
ons (node:internal/
process/task_queues
:105:5)]
    at async LazyRe
sult.runAsync (node
_modules/postcss/li
b/lazy-result.js:29
3:11) [C:\ourweb\.n
ext\build\chunks\no
de_modules_fe693df6
._.js:6206:21]
    at async 
transform (turbopac
k:///[turbopack-nod
e]/transforms/postc
ss.ts:70:34) [C:\ou
rweb\.next\build\ch
unks\[root-of-the-s
erver]__51225daf._.
js:146:36]
    at async run (t
urbopack:///[turbop
ack-node]/ipc/evalu
ate.ts:92:23) [C:\o
urweb\.next\build\c
hunks\[root-of-the-
server]__974941ed._
.js:443:31]

Import trace:
  Client Component 
Browser:
    
./app/globals.css 
[Client Component 
Browser]
    
./app/layout.tsx 
[Server Component]


    at async 
transform (turbopac
k:///[turbopack-nod
e]/transforms/postc
ss.ts:70:34) [C:\ou
rweb\.next\build\ch
unks\[root-of-the-s
erver]__51225daf._.
js:146:36])
    at async run (t
urbopack:///[turbop
ack-node]/ipc/evalu
ate.ts:92:23) [C:\o
urweb\.next\build\c
hunks\[root-of-the-
server]__974941ed._
.js:443:31])
