
> ourweb@0.1.0 build
> next build

Γû▓ Next.js 16.1.1 (Turbopack)

  Creating an optimized production build ...
node.exe : Error: 
`@theme` blocks 
must only contain 
custom properties 
or `@keyframes`.
At C:\Program Files
\nodejs\npm.ps1:29 
char:3
+   & $NODE_EXE 
$NPM_CLI_JS $args
+   ~~~~~~~~~~~~~~~
~~~~~~~~~~~~~~
    + CategoryInfo 
             : No  
  tSpecified: (E   
 rror: `@theme`    
...r `@keyfram    
es`.:String) [    
], RemoteExcep    
tion
    + FullyQualifi 
   edErrorId : Na  
  tiveCommandErr   
 or
 

  @theme {
>   .animate-float 
{
>     animation: 
float 6s 
ease-in-out 
infinite;
>   }
  }
  
    [2m[at C:\ourw
eb\node_modules\tai
lwindcss\dist\lib.j
s:34:10][0m
    [2m[at Rr (C:\
ourweb\node_modules
\tailwindcss\dist\l
ib.js:3:1718)][0m
    [2m[at _ (C:\o
urweb\node_modules\
tailwindcss\dist\li
b.js:3:1377)][0m
    [2m[at C:\ourw
eb\node_modules\tai
lwindcss\dist\lib.j
s:32:7179][0m
    [2m[at Rr (C:\
ourweb\node_modules
\tailwindcss\dist\l
ib.js:3:1718)][0m
    [2m[at _ (C:\o
urweb\node_modules\
tailwindcss\dist\li
b.js:3:1377)][0m
    [2m[at un (C:\
ourweb\node_modules
\tailwindcss\dist\l
ib.js:32:2712)][0m
    [2m[at async 
cn (C:\ourweb\node_
modules\tailwindcss
\dist\lib.js:38:631
)][0m
    [2m[at async 
Xr (C:\ourweb\node_
modules\@tailwindcs
s\node\dist\index.j
s:10:3417)][0m
    [2m[at async 
I (C:\ourweb\node_m
odules\@tailwindcss
\postcss\dist\index
.js:10:3977)][0m

> Build error 
occurred
Error: Turbopack 
build failed with 
1 errors:
./app/globals.css
Error evaluating 
Node.js code
CssSyntaxError: 
tailwindcss: C:\our
web\app\globals.css
:1:1: `@theme` 
blocks must only 
contain custom 
properties or 
`@keyframes`.

  @theme {
>   .animate-float 
{
>     animation: 
float 6s 
ease-in-out 
infinite;
>   }
  }
  
    at Input.error 
(node_modules/postc
ss/lib/input.js:135
:16) [C:\ourweb\.ne
xt\build\chunks\nod
e_modules_fe693df6.
_.js:4651:22]
    at Root.error (
node_modules/postcs
s/lib/node.js:146:3
2) [C:\ourweb\.next
\build\chunks\node_
modules_fe693df6._.
js:928:38]
    [at 
Object.Once (C:\our
web\node_modules\@t
ailwindcss\postcss\
dist\index.js:10:69
11)]
    at async LazyRe
sult.runAsync (node
_modules/postcss/li
b/lazy-result.js:29
3:11) [C:\ourweb\.n
ext\build\chunks\no
de_modules_fe693df6
._.js:6206:21]
    at async 
transform (turbopac
k:///[turbopack-nod
e]/transforms/postc
ss.ts:70:34) [C:\ou
rweb\.next\build\ch
unks\[root-of-the-s
erver]__51225daf._.
js:146:36]
    at async run (t
urbopack:///[turbop
ack-node]/ipc/evalu
ate.ts:92:23) [C:\o
urweb\.next\build\c
hunks\[root-of-the-
server]__974941ed._
.js:443:31]

Import trace:
  Client Component 
Browser:
    
./app/globals.css 
[Client Component 
Browser]
    
./app/layout.tsx 
[Server Component]


    at async 
transform (turbopac
k:///[turbopack-nod
e]/transforms/postc
ss.ts:70:34) [C:\ou
rweb\.next\build\ch
unks\[root-of-the-s
erver]__51225daf._.
js:146:36])
    at async run (t
urbopack:///[turbop
ack-node]/ipc/evalu
ate.ts:92:23) [C:\o
urweb\.next\build\c
hunks\[root-of-the-
server]__974941ed._
.js:443:31])
